// Jest Snapshot v1, https://goo.gl/fbAQLP

exports[`AppMenu AppMenu render deveria ocorrer sem falhas! 1`] = `
ShallowWrapper {
  Symbol(enzyme.__root__): [Circular],
  Symbol(enzyme.__unrendered__): <AppMenu
    authentication={
        Object {
            "isUserAuthenticated": true,
          }
    }
    classes={Object {}}
    handleMainMenuClose={[Function]}
    mainMenuOpen={[Function]}
    theme={Object {}}
/>,
  Symbol(enzyme.__renderer__): Object {
    "batchedUpdates": [Function],
    "getNode": [Function],
    "render": [Function],
    "simulateError": [Function],
    "simulateEvent": [Function],
    "unmount": [Function],
  },
  Symbol(enzyme.__node__): Object {
    "instance": null,
    "key": undefined,
    "nodeType": "class",
    "props": Object {
      "PaperProps": Object {
        "style": Object {
          "minHeight": "100%",
        },
      },
      "anchor": "left",
      "children": Array [
        <div
          className={undefined}
>
          <WithStyles(IconButton)
                    onClick={[Function]}
          >
                    <pure(ChevronLeftIcon) />
          </WithStyles(IconButton)>
</div>,
        <WithStyles(Divider) />,
        <div
          className={undefined}
>
          <WithStyles(List)
                    component="nav"
          >
                    <WithStyles(ListItem)
                              button={true}
                              onClick={[Function]}
                    >
                              <WithStyles(ListItemText)
                                        primary="Menu item 1"
                              />
                    </WithStyles(ListItem)>
                    <WithStyles(ListItem)
                              button={true}
                              onClick={[Function]}
                    >
                              <WithStyles(ListItemText)
                                        primary="Menu item 2"
                              />
                    </WithStyles(ListItem)>
                    <WithStyles(ListItem)
                              button={true}
                              onClick={[Function]}
                    >
                              <WithStyles(ListItemText)
                                        primary="Menu item N"
                              />
                    </WithStyles(ListItem)>
                    <WithStyles(Divider) />
                    <WithStyles(ListItem)
                              button={true}
                              onClick={[Function]}
                    >
                              <WithStyles(ListItemText)
                                        primary="Sair"
                              />
                    </WithStyles(ListItem)>
          </WithStyles(List)>
</div>,
      ],
      "classes": Object {
        "paper": undefined,
      },
      "open": [Function],
      "variant": "persistent",
    },
    "ref": null,
    "rendered": Array [
      Object {
        "instance": null,
        "key": undefined,
        "nodeType": "host",
        "props": Object {
          "children": <WithStyles(IconButton)
            onClick={[Function]}
>
            <pure(ChevronLeftIcon) />
</WithStyles(IconButton)>,
          "className": undefined,
        },
        "ref": null,
        "rendered": Object {
          "instance": null,
          "key": undefined,
          "nodeType": "class",
          "props": Object {
            "children": <pure(ChevronLeftIcon) />,
            "onClick": [Function],
          },
          "ref": null,
          "rendered": Object {
            "instance": null,
            "key": undefined,
            "nodeType": "class",
            "props": Object {},
            "ref": null,
            "rendered": null,
            "type": [Function],
          },
          "type": [Function],
        },
        "type": "div",
      },
      Object {
        "instance": null,
        "key": undefined,
        "nodeType": "class",
        "props": Object {},
        "ref": null,
        "rendered": null,
        "type": [Function],
      },
      Object {
        "instance": null,
        "key": undefined,
        "nodeType": "host",
        "props": Object {
          "children": <WithStyles(List)
            component="nav"
>
            <WithStyles(ListItem)
                        button={true}
                        onClick={[Function]}
            >
                        <WithStyles(ListItemText)
                                    primary="Menu item 1"
                        />
            </WithStyles(ListItem)>
            <WithStyles(ListItem)
                        button={true}
                        onClick={[Function]}
            >
                        <WithStyles(ListItemText)
                                    primary="Menu item 2"
                        />
            </WithStyles(ListItem)>
            <WithStyles(ListItem)
                        button={true}
                        onClick={[Function]}
            >
                        <WithStyles(ListItemText)
                                    primary="Menu item N"
                        />
            </WithStyles(ListItem)>
            <WithStyles(Divider) />
            <WithStyles(ListItem)
                        button={true}
                        onClick={[Function]}
            >
                        <WithStyles(ListItemText)
                                    primary="Sair"
                        />
            </WithStyles(ListItem)>
</WithStyles(List)>,
          "className": undefined,
        },
        "ref": null,
        "rendered": Object {
          "instance": null,
          "key": undefined,
          "nodeType": "class",
          "props": Object {
            "children": Array [
              Array [
                <WithStyles(ListItem)
                  button={true}
                  onClick={[Function]}
>
                  <WithStyles(ListItemText)
                                    primary="Menu item 1"
                  />
</WithStyles(ListItem)>,
                <WithStyles(ListItem)
                  button={true}
                  onClick={[Function]}
>
                  <WithStyles(ListItemText)
                                    primary="Menu item 2"
                  />
</WithStyles(ListItem)>,
                <WithStyles(ListItem)
                  button={true}
                  onClick={[Function]}
>
                  <WithStyles(ListItemText)
                                    primary="Menu item N"
                  />
</WithStyles(ListItem)>,
              ],
              <WithStyles(Divider) />,
              <WithStyles(ListItem)
                button={true}
                onClick={[Function]}
>
                <WithStyles(ListItemText)
                                primary="Sair"
                />
</WithStyles(ListItem)>,
            ],
            "component": "nav",
          },
          "ref": null,
          "rendered": Array [
            Object {
              "instance": null,
              "key": "Menu item 1",
              "nodeType": "class",
              "props": Object {
                "button": true,
                "children": <WithStyles(ListItemText)
                  primary="Menu item 1"
/>,
                "onClick": [Function],
              },
              "ref": null,
              "rendered": Object {
                "instance": null,
                "key": undefined,
                "nodeType": "class",
                "props": Object {
                  "primary": "Menu item 1",
                },
                "ref": null,
                "rendered": null,
                "type": [Function],
              },
              "type": [Function],
            },
            Object {
              "instance": null,
              "key": "Menu item 2",
              "nodeType": "class",
              "props": Object {
                "button": true,
                "children": <WithStyles(ListItemText)
                  primary="Menu item 2"
/>,
                "onClick": [Function],
              },
              "ref": null,
              "rendered": Object {
                "instance": null,
                "key": undefined,
                "nodeType": "class",
                "props": Object {
                  "primary": "Menu item 2",
                },
                "ref": null,
                "rendered": null,
                "type": [Function],
              },
              "type": [Function],
            },
            Object {
              "instance": null,
              "key": "Menu item N",
              "nodeType": "class",
              "props": Object {
                "button": true,
                "children": <WithStyles(ListItemText)
                  primary="Menu item N"
/>,
                "onClick": [Function],
              },
              "ref": null,
              "rendered": Object {
                "instance": null,
                "key": undefined,
                "nodeType": "class",
                "props": Object {
                  "primary": "Menu item N",
                },
                "ref": null,
                "rendered": null,
                "type": [Function],
              },
              "type": [Function],
            },
            Object {
              "instance": null,
              "key": undefined,
              "nodeType": "class",
              "props": Object {},
              "ref": null,
              "rendered": null,
              "type": [Function],
            },
            Object {
              "instance": null,
              "key": "Logout",
              "nodeType": "class",
              "props": Object {
                "button": true,
                "children": <WithStyles(ListItemText)
                  primary="Sair"
/>,
                "onClick": [Function],
              },
              "ref": null,
              "rendered": Object {
                "instance": null,
                "key": undefined,
                "nodeType": "class",
                "props": Object {
                  "primary": "Sair",
                },
                "ref": null,
                "rendered": null,
                "type": [Function],
              },
              "type": [Function],
            },
          ],
          "type": [Function],
        },
        "type": "div",
      },
    ],
    "type": [Function],
  },
  Symbol(enzyme.__nodes__): Array [
    Object {
      "instance": null,
      "key": undefined,
      "nodeType": "class",
      "props": Object {
        "PaperProps": Object {
          "style": Object {
            "minHeight": "100%",
          },
        },
        "anchor": "left",
        "children": Array [
          <div
            className={undefined}
>
            <WithStyles(IconButton)
                        onClick={[Function]}
            >
                        <pure(ChevronLeftIcon) />
            </WithStyles(IconButton)>
</div>,
          <WithStyles(Divider) />,
          <div
            className={undefined}
>
            <WithStyles(List)
                        component="nav"
            >
                        <WithStyles(ListItem)
                                    button={true}
                                    onClick={[Function]}
                        >
                                    <WithStyles(ListItemText)
                                                primary="Menu item 1"
                                    />
                        </WithStyles(ListItem)>
                        <WithStyles(ListItem)
                                    button={true}
                                    onClick={[Function]}
                        >
                                    <WithStyles(ListItemText)
                                                primary="Menu item 2"
                                    />
                        </WithStyles(ListItem)>
                        <WithStyles(ListItem)
                                    button={true}
                                    onClick={[Function]}
                        >
                                    <WithStyles(ListItemText)
                                                primary="Menu item N"
                                    />
                        </WithStyles(ListItem)>
                        <WithStyles(Divider) />
                        <WithStyles(ListItem)
                                    button={true}
                                    onClick={[Function]}
                        >
                                    <WithStyles(ListItemText)
                                                primary="Sair"
                                    />
                        </WithStyles(ListItem)>
            </WithStyles(List)>
</div>,
        ],
        "classes": Object {
          "paper": undefined,
        },
        "open": [Function],
        "variant": "persistent",
      },
      "ref": null,
      "rendered": Array [
        Object {
          "instance": null,
          "key": undefined,
          "nodeType": "host",
          "props": Object {
            "children": <WithStyles(IconButton)
              onClick={[Function]}
>
              <pure(ChevronLeftIcon) />
</WithStyles(IconButton)>,
            "className": undefined,
          },
          "ref": null,
          "rendered": Object {
            "instance": null,
            "key": undefined,
            "nodeType": "class",
            "props": Object {
              "children": <pure(ChevronLeftIcon) />,
              "onClick": [Function],
            },
            "ref": null,
            "rendered": Object {
              "instance": null,
              "key": undefined,
              "nodeType": "class",
              "props": Object {},
              "ref": null,
              "rendered": null,
              "type": [Function],
            },
            "type": [Function],
          },
          "type": "div",
        },
        Object {
          "instance": null,
          "key": undefined,
          "nodeType": "class",
          "props": Object {},
          "ref": null,
          "rendered": null,
          "type": [Function],
        },
        Object {
          "instance": null,
          "key": undefined,
          "nodeType": "host",
          "props": Object {
            "children": <WithStyles(List)
              component="nav"
>
              <WithStyles(ListItem)
                            button={true}
                            onClick={[Function]}
              >
                            <WithStyles(ListItemText)
                                          primary="Menu item 1"
                            />
              </WithStyles(ListItem)>
              <WithStyles(ListItem)
                            button={true}
                            onClick={[Function]}
              >
                            <WithStyles(ListItemText)
                                          primary="Menu item 2"
                            />
              </WithStyles(ListItem)>
              <WithStyles(ListItem)
                            button={true}
                            onClick={[Function]}
              >
                            <WithStyles(ListItemText)
                                          primary="Menu item N"
                            />
              </WithStyles(ListItem)>
              <WithStyles(Divider) />
              <WithStyles(ListItem)
                            button={true}
                            onClick={[Function]}
              >
                            <WithStyles(ListItemText)
                                          primary="Sair"
                            />
              </WithStyles(ListItem)>
</WithStyles(List)>,
            "className": undefined,
          },
          "ref": null,
          "rendered": Object {
            "instance": null,
            "key": undefined,
            "nodeType": "class",
            "props": Object {
              "children": Array [
                Array [
                  <WithStyles(ListItem)
                    button={true}
                    onClick={[Function]}
>
                    <WithStyles(ListItemText)
                                        primary="Menu item 1"
                    />
</WithStyles(ListItem)>,
                  <WithStyles(ListItem)
                    button={true}
                    onClick={[Function]}
>
                    <WithStyles(ListItemText)
                                        primary="Menu item 2"
                    />
</WithStyles(ListItem)>,
                  <WithStyles(ListItem)
                    button={true}
                    onClick={[Function]}
>
                    <WithStyles(ListItemText)
                                        primary="Menu item N"
                    />
</WithStyles(ListItem)>,
                ],
                <WithStyles(Divider) />,
                <WithStyles(ListItem)
                  button={true}
                  onClick={[Function]}
>
                  <WithStyles(ListItemText)
                                    primary="Sair"
                  />
</WithStyles(ListItem)>,
              ],
              "component": "nav",
            },
            "ref": null,
            "rendered": Array [
              Object {
                "instance": null,
                "key": "Menu item 1",
                "nodeType": "class",
                "props": Object {
                  "button": true,
                  "children": <WithStyles(ListItemText)
                    primary="Menu item 1"
/>,
                  "onClick": [Function],
                },
                "ref": null,
                "rendered": Object {
                  "instance": null,
                  "key": undefined,
                  "nodeType": "class",
                  "props": Object {
                    "primary": "Menu item 1",
                  },
                  "ref": null,
                  "rendered": null,
                  "type": [Function],
                },
                "type": [Function],
              },
              Object {
                "instance": null,
                "key": "Menu item 2",
                "nodeType": "class",
                "props": Object {
                  "button": true,
                  "children": <WithStyles(ListItemText)
                    primary="Menu item 2"
/>,
                  "onClick": [Function],
                },
                "ref": null,
                "rendered": Object {
                  "instance": null,
                  "key": undefined,
                  "nodeType": "class",
                  "props": Object {
                    "primary": "Menu item 2",
                  },
                  "ref": null,
                  "rendered": null,
                  "type": [Function],
                },
                "type": [Function],
              },
              Object {
                "instance": null,
                "key": "Menu item N",
                "nodeType": "class",
                "props": Object {
                  "button": true,
                  "children": <WithStyles(ListItemText)
                    primary="Menu item N"
/>,
                  "onClick": [Function],
                },
                "ref": null,
                "rendered": Object {
                  "instance": null,
                  "key": undefined,
                  "nodeType": "class",
                  "props": Object {
                    "primary": "Menu item N",
                  },
                  "ref": null,
                  "rendered": null,
                  "type": [Function],
                },
                "type": [Function],
              },
              Object {
                "instance": null,
                "key": undefined,
                "nodeType": "class",
                "props": Object {},
                "ref": null,
                "rendered": null,
                "type": [Function],
              },
              Object {
                "instance": null,
                "key": "Logout",
                "nodeType": "class",
                "props": Object {
                  "button": true,
                  "children": <WithStyles(ListItemText)
                    primary="Sair"
/>,
                  "onClick": [Function],
                },
                "ref": null,
                "rendered": Object {
                  "instance": null,
                  "key": undefined,
                  "nodeType": "class",
                  "props": Object {
                    "primary": "Sair",
                  },
                  "ref": null,
                  "rendered": null,
                  "type": [Function],
                },
                "type": [Function],
              },
            ],
            "type": [Function],
          },
          "type": "div",
        },
      ],
      "type": [Function],
    },
  ],
  Symbol(enzyme.__options__): Object {
    "adapter": ReactSixteenAdapter {
      "options": Object {
        "enableComponentDidUpdateOnSetState": true,
        "lifecycles": Object {
          "componentDidUpdate": Object {
            "onSetState": true,
          },
          "getDerivedStateFromProps": true,
          "getSnapshotBeforeUpdate": true,
          "setState": Object {
            "skipsComponentDidUpdateOnNullish": true,
          },
        },
      },
    },
  },
}
`;
