// Jest Snapshot v1, https://goo.gl/fbAQLP

exports[`ForbiddenAccess ForbiddenAccess render deveria ocorrer sem falhas! 1`] = `
ShallowWrapper {
  Symbol(enzyme.__root__): [Circular],
  Symbol(enzyme.__unrendered__): <ForbiddenAccess
    classes={Object {}}
    dismissMessage={[Function]}
/>,
  Symbol(enzyme.__renderer__): Object {
    "batchedUpdates": [Function],
    "checkPropTypes": [Function],
    "getNode": [Function],
    "render": [Function],
    "simulateError": [Function],
    "simulateEvent": [Function],
    "unmount": [Function],
  },
  Symbol(enzyme.__node__): Object {
    "instance": null,
    "key": undefined,
    "nodeType": "host",
    "props": Object {
      "children": <WithStyles(Dialog)
        BackdropProps={
                Object {
                        "className": undefined,
                      }
        }
        PaperProps={
                Object {
                        "className": undefined,
                        "elevation": 2,
                      }
        }
        open={true}
>
        <WithStyles(DialogTitle)
                disableTypography={true}
        >
                <WithStyles(Typography)
                        color="error"
                        variant="h4"
                >
                        Acesso negado
                </WithStyles(Typography)>
        </WithStyles(DialogTitle)>
        <WithStyles(DialogContent)>
                <WithStyles(DialogContentText)
                        component="div"
                >
                        <WithStyles(Typography)
                                style={
                                        Object {
                                                "maxWidth": 500,
                                              }
                                }
                                variant="h6"
                        >
                                Você não tem permissão para acessar este recurso, solicite ao responsável, por favor.
                        </WithStyles(Typography)>
                </WithStyles(DialogContentText)>
                <WithStyles(DialogContentText)
                        component="div"
                >
                        <WithStyles(Typography)
                                className={undefined}
                                variant="subtitle1"
                        >
                                Entre em contato através do 0800 644 1500 se o problema persistir.
                        </WithStyles(Typography)>
                </WithStyles(DialogContentText)>
        </WithStyles(DialogContent)>
        <WithStyles(DialogActions)>
                <WithStyles(Button)
                        className={undefined}
                        color="primary"
                        onClick={[Function]}
                >
                        Voltar
                </WithStyles(Button)>
        </WithStyles(DialogActions)>
</WithStyles(Dialog)>,
    },
    "ref": null,
    "rendered": Object {
      "instance": null,
      "key": undefined,
      "nodeType": "class",
      "props": Object {
        "BackdropProps": Object {
          "className": undefined,
        },
        "PaperProps": Object {
          "className": undefined,
          "elevation": 2,
        },
        "children": Array [
          <WithStyles(DialogTitle)
            disableTypography={true}
>
            <WithStyles(Typography)
                        color="error"
                        variant="h4"
            >
                        Acesso negado
            </WithStyles(Typography)>
</WithStyles(DialogTitle)>,
          <WithStyles(DialogContent)>
            <WithStyles(DialogContentText)
                        component="div"
            >
                        <WithStyles(Typography)
                                    style={
                                                Object {
                                                            "maxWidth": 500,
                                                          }
                                    }
                                    variant="h6"
                        >
                                    Você não tem permissão para acessar este recurso, solicite ao responsável, por favor.
                        </WithStyles(Typography)>
            </WithStyles(DialogContentText)>
            <WithStyles(DialogContentText)
                        component="div"
            >
                        <WithStyles(Typography)
                                    className={undefined}
                                    variant="subtitle1"
                        >
                                    Entre em contato através do 0800 644 1500 se o problema persistir.
                        </WithStyles(Typography)>
            </WithStyles(DialogContentText)>
</WithStyles(DialogContent)>,
          <WithStyles(DialogActions)>
            <WithStyles(Button)
                        className={undefined}
                        color="primary"
                        onClick={[Function]}
            >
                        Voltar
            </WithStyles(Button)>
</WithStyles(DialogActions)>,
        ],
        "open": true,
      },
      "ref": null,
      "rendered": Array [
        Object {
          "instance": null,
          "key": undefined,
          "nodeType": "class",
          "props": Object {
            "children": <WithStyles(Typography)
              color="error"
              variant="h4"
>
              Acesso negado
</WithStyles(Typography)>,
            "disableTypography": true,
          },
          "ref": null,
          "rendered": Object {
            "instance": null,
            "key": undefined,
            "nodeType": "class",
            "props": Object {
              "children": "Acesso negado",
              "color": "error",
              "variant": "h4",
            },
            "ref": null,
            "rendered": "Acesso negado",
            "type": [Function],
          },
          "type": [Function],
        },
        Object {
          "instance": null,
          "key": undefined,
          "nodeType": "class",
          "props": Object {
            "children": Array [
              <WithStyles(DialogContentText)
                component="div"
>
                <WithStyles(Typography)
                                style={
                                                Object {
                                                                "maxWidth": 500,
                                                              }
                                }
                                variant="h6"
                >
                                Você não tem permissão para acessar este recurso, solicite ao responsável, por favor.
                </WithStyles(Typography)>
</WithStyles(DialogContentText)>,
              <WithStyles(DialogContentText)
                component="div"
>
                <WithStyles(Typography)
                                className={undefined}
                                variant="subtitle1"
                >
                                Entre em contato através do 0800 644 1500 se o problema persistir.
                </WithStyles(Typography)>
</WithStyles(DialogContentText)>,
            ],
          },
          "ref": null,
          "rendered": Array [
            Object {
              "instance": null,
              "key": undefined,
              "nodeType": "class",
              "props": Object {
                "children": <WithStyles(Typography)
                  style={
                                    Object {
                                                      "maxWidth": 500,
                                                    }
                  }
                  variant="h6"
>
                  Você não tem permissão para acessar este recurso, solicite ao responsável, por favor.
</WithStyles(Typography)>,
                "component": "div",
              },
              "ref": null,
              "rendered": Object {
                "instance": null,
                "key": undefined,
                "nodeType": "class",
                "props": Object {
                  "children": "Você não tem permissão para acessar este recurso, solicite ao responsável, por favor.",
                  "style": Object {
                    "maxWidth": 500,
                  },
                  "variant": "h6",
                },
                "ref": null,
                "rendered": "Você não tem permissão para acessar este recurso, solicite ao responsável, por favor.",
                "type": [Function],
              },
              "type": [Function],
            },
            Object {
              "instance": null,
              "key": undefined,
              "nodeType": "class",
              "props": Object {
                "children": <WithStyles(Typography)
                  className={undefined}
                  variant="subtitle1"
>
                  Entre em contato através do 0800 644 1500 se o problema persistir.
</WithStyles(Typography)>,
                "component": "div",
              },
              "ref": null,
              "rendered": Object {
                "instance": null,
                "key": undefined,
                "nodeType": "class",
                "props": Object {
                  "children": "Entre em contato através do 0800 644 1500 se o problema persistir.",
                  "className": undefined,
                  "variant": "subtitle1",
                },
                "ref": null,
                "rendered": "Entre em contato através do 0800 644 1500 se o problema persistir.",
                "type": [Function],
              },
              "type": [Function],
            },
          ],
          "type": [Function],
        },
        Object {
          "instance": null,
          "key": undefined,
          "nodeType": "class",
          "props": Object {
            "children": <WithStyles(Button)
              className={undefined}
              color="primary"
              onClick={[Function]}
>
              Voltar
</WithStyles(Button)>,
          },
          "ref": null,
          "rendered": Object {
            "instance": null,
            "key": undefined,
            "nodeType": "class",
            "props": Object {
              "children": "Voltar",
              "className": undefined,
              "color": "primary",
              "onClick": [Function],
            },
            "ref": null,
            "rendered": "Voltar",
            "type": [Function],
          },
          "type": [Function],
        },
      ],
      "type": [Function],
    },
    "type": "main",
  },
  Symbol(enzyme.__nodes__): Array [
    Object {
      "instance": null,
      "key": undefined,
      "nodeType": "host",
      "props": Object {
        "children": <WithStyles(Dialog)
          BackdropProps={
                    Object {
                              "className": undefined,
                            }
          }
          PaperProps={
                    Object {
                              "className": undefined,
                              "elevation": 2,
                            }
          }
          open={true}
>
          <WithStyles(DialogTitle)
                    disableTypography={true}
          >
                    <WithStyles(Typography)
                              color="error"
                              variant="h4"
                    >
                              Acesso negado
                    </WithStyles(Typography)>
          </WithStyles(DialogTitle)>
          <WithStyles(DialogContent)>
                    <WithStyles(DialogContentText)
                              component="div"
                    >
                              <WithStyles(Typography)
                                        style={
                                                  Object {
                                                            "maxWidth": 500,
                                                          }
                                        }
                                        variant="h6"
                              >
                                        Você não tem permissão para acessar este recurso, solicite ao responsável, por favor.
                              </WithStyles(Typography)>
                    </WithStyles(DialogContentText)>
                    <WithStyles(DialogContentText)
                              component="div"
                    >
                              <WithStyles(Typography)
                                        className={undefined}
                                        variant="subtitle1"
                              >
                                        Entre em contato através do 0800 644 1500 se o problema persistir.
                              </WithStyles(Typography)>
                    </WithStyles(DialogContentText)>
          </WithStyles(DialogContent)>
          <WithStyles(DialogActions)>
                    <WithStyles(Button)
                              className={undefined}
                              color="primary"
                              onClick={[Function]}
                    >
                              Voltar
                    </WithStyles(Button)>
          </WithStyles(DialogActions)>
</WithStyles(Dialog)>,
      },
      "ref": null,
      "rendered": Object {
        "instance": null,
        "key": undefined,
        "nodeType": "class",
        "props": Object {
          "BackdropProps": Object {
            "className": undefined,
          },
          "PaperProps": Object {
            "className": undefined,
            "elevation": 2,
          },
          "children": Array [
            <WithStyles(DialogTitle)
              disableTypography={true}
>
              <WithStyles(Typography)
                            color="error"
                            variant="h4"
              >
                            Acesso negado
              </WithStyles(Typography)>
</WithStyles(DialogTitle)>,
            <WithStyles(DialogContent)>
              <WithStyles(DialogContentText)
                            component="div"
              >
                            <WithStyles(Typography)
                                          style={
                                                        Object {
                                                                      "maxWidth": 500,
                                                                    }
                                          }
                                          variant="h6"
                            >
                                          Você não tem permissão para acessar este recurso, solicite ao responsável, por favor.
                            </WithStyles(Typography)>
              </WithStyles(DialogContentText)>
              <WithStyles(DialogContentText)
                            component="div"
              >
                            <WithStyles(Typography)
                                          className={undefined}
                                          variant="subtitle1"
                            >
                                          Entre em contato através do 0800 644 1500 se o problema persistir.
                            </WithStyles(Typography)>
              </WithStyles(DialogContentText)>
</WithStyles(DialogContent)>,
            <WithStyles(DialogActions)>
              <WithStyles(Button)
                            className={undefined}
                            color="primary"
                            onClick={[Function]}
              >
                            Voltar
              </WithStyles(Button)>
</WithStyles(DialogActions)>,
          ],
          "open": true,
        },
        "ref": null,
        "rendered": Array [
          Object {
            "instance": null,
            "key": undefined,
            "nodeType": "class",
            "props": Object {
              "children": <WithStyles(Typography)
                color="error"
                variant="h4"
>
                Acesso negado
</WithStyles(Typography)>,
              "disableTypography": true,
            },
            "ref": null,
            "rendered": Object {
              "instance": null,
              "key": undefined,
              "nodeType": "class",
              "props": Object {
                "children": "Acesso negado",
                "color": "error",
                "variant": "h4",
              },
              "ref": null,
              "rendered": "Acesso negado",
              "type": [Function],
            },
            "type": [Function],
          },
          Object {
            "instance": null,
            "key": undefined,
            "nodeType": "class",
            "props": Object {
              "children": Array [
                <WithStyles(DialogContentText)
                  component="div"
>
                  <WithStyles(Typography)
                                    style={
                                                      Object {
                                                                        "maxWidth": 500,
                                                                      }
                                    }
                                    variant="h6"
                  >
                                    Você não tem permissão para acessar este recurso, solicite ao responsável, por favor.
                  </WithStyles(Typography)>
</WithStyles(DialogContentText)>,
                <WithStyles(DialogContentText)
                  component="div"
>
                  <WithStyles(Typography)
                                    className={undefined}
                                    variant="subtitle1"
                  >
                                    Entre em contato através do 0800 644 1500 se o problema persistir.
                  </WithStyles(Typography)>
</WithStyles(DialogContentText)>,
              ],
            },
            "ref": null,
            "rendered": Array [
              Object {
                "instance": null,
                "key": undefined,
                "nodeType": "class",
                "props": Object {
                  "children": <WithStyles(Typography)
                    style={
                                        Object {
                                                            "maxWidth": 500,
                                                          }
                    }
                    variant="h6"
>
                    Você não tem permissão para acessar este recurso, solicite ao responsável, por favor.
</WithStyles(Typography)>,
                  "component": "div",
                },
                "ref": null,
                "rendered": Object {
                  "instance": null,
                  "key": undefined,
                  "nodeType": "class",
                  "props": Object {
                    "children": "Você não tem permissão para acessar este recurso, solicite ao responsável, por favor.",
                    "style": Object {
                      "maxWidth": 500,
                    },
                    "variant": "h6",
                  },
                  "ref": null,
                  "rendered": "Você não tem permissão para acessar este recurso, solicite ao responsável, por favor.",
                  "type": [Function],
                },
                "type": [Function],
              },
              Object {
                "instance": null,
                "key": undefined,
                "nodeType": "class",
                "props": Object {
                  "children": <WithStyles(Typography)
                    className={undefined}
                    variant="subtitle1"
>
                    Entre em contato através do 0800 644 1500 se o problema persistir.
</WithStyles(Typography)>,
                  "component": "div",
                },
                "ref": null,
                "rendered": Object {
                  "instance": null,
                  "key": undefined,
                  "nodeType": "class",
                  "props": Object {
                    "children": "Entre em contato através do 0800 644 1500 se o problema persistir.",
                    "className": undefined,
                    "variant": "subtitle1",
                  },
                  "ref": null,
                  "rendered": "Entre em contato através do 0800 644 1500 se o problema persistir.",
                  "type": [Function],
                },
                "type": [Function],
              },
            ],
            "type": [Function],
          },
          Object {
            "instance": null,
            "key": undefined,
            "nodeType": "class",
            "props": Object {
              "children": <WithStyles(Button)
                className={undefined}
                color="primary"
                onClick={[Function]}
>
                Voltar
</WithStyles(Button)>,
            },
            "ref": null,
            "rendered": Object {
              "instance": null,
              "key": undefined,
              "nodeType": "class",
              "props": Object {
                "children": "Voltar",
                "className": undefined,
                "color": "primary",
                "onClick": [Function],
              },
              "ref": null,
              "rendered": "Voltar",
              "type": [Function],
            },
            "type": [Function],
          },
        ],
        "type": [Function],
      },
      "type": "main",
    },
  ],
  Symbol(enzyme.__options__): Object {
    "adapter": ReactSixteenAdapter {
      "options": Object {
        "enableComponentDidUpdateOnSetState": true,
        "legacyContextMode": "parent",
        "lifecycles": Object {
          "componentDidUpdate": Object {
            "onSetState": true,
          },
          "getChildContext": Object {
            "calledByRenderer": false,
          },
          "getDerivedStateFromError": true,
          "getDerivedStateFromProps": Object {
            "hasShouldComponentUpdateBug": false,
          },
          "getSnapshotBeforeUpdate": true,
          "setState": Object {
            "skipsComponentDidUpdateOnNullish": true,
          },
        },
      },
    },
  },
  Symbol(enzyme.__childContext__): null,
}
`;
