// Jest Snapshot v1, https://goo.gl/fbAQLP

exports[`MessagesBar MessagesBar render deveria ocorrer sem falhas! 1`] = `
ShallowWrapper {
  Symbol(enzyme.__root__): [Circular],
  Symbol(enzyme.__unrendered__): <Unknown
    classes={Object {}}
    dismissMessage={[Function]}
    messages={
        Object {
            "message": "OlÃ¡ mundo!",
          }
    }
/>,
  Symbol(enzyme.__renderer__): Object {
    "batchedUpdates": [Function],
    "checkPropTypes": [Function],
    "getNode": [Function],
    "render": [Function],
    "simulateError": [Function],
    "simulateEvent": [Function],
    "unmount": [Function],
  },
  Symbol(enzyme.__node__): Object {
    "instance": null,
    "key": undefined,
    "nodeType": "class",
    "props": Object {
      "ContentProps": Object {
        "elevation": 6,
        "style": Object {
          "backgroundColor": "#42a5f5",
        },
      },
      "action": Array [
        <WithStyles(IconButton)
          aria-label="Close"
          color="inherit"
          onClick={[Function]}
          style={
                    Object {
                              "padding": 8,
                            }
          }
>
          <pure(CloseIcon)
                    className={undefined}
          />
</WithStyles(IconButton)>,
      ],
      "anchorOrigin": Object {
        "horizontal": "center",
        "vertical": "bottom",
      },
      "autoHideDuration": 6000,
      "message": <span
        id="message-id"
/>,
      "onClose": [Function],
      "open": true,
    },
    "ref": null,
    "rendered": null,
    "type": [Function],
  },
  Symbol(enzyme.__nodes__): Array [
    Object {
      "instance": null,
      "key": undefined,
      "nodeType": "class",
      "props": Object {
        "ContentProps": Object {
          "elevation": 6,
          "style": Object {
            "backgroundColor": "#42a5f5",
          },
        },
        "action": Array [
          <WithStyles(IconButton)
            aria-label="Close"
            color="inherit"
            onClick={[Function]}
            style={
                        Object {
                                    "padding": 8,
                                  }
            }
>
            <pure(CloseIcon)
                        className={undefined}
            />
</WithStyles(IconButton)>,
        ],
        "anchorOrigin": Object {
          "horizontal": "center",
          "vertical": "bottom",
        },
        "autoHideDuration": 6000,
        "message": <span
          id="message-id"
/>,
        "onClose": [Function],
        "open": true,
      },
      "ref": null,
      "rendered": null,
      "type": [Function],
    },
  ],
  Symbol(enzyme.__options__): Object {
    "adapter": ReactSixteenAdapter {
      "options": Object {
        "enableComponentDidUpdateOnSetState": true,
        "legacyContextMode": "parent",
        "lifecycles": Object {
          "componentDidUpdate": Object {
            "onSetState": true,
          },
          "getChildContext": Object {
            "calledByRenderer": false,
          },
          "getDerivedStateFromError": true,
          "getDerivedStateFromProps": Object {
            "hasShouldComponentUpdateBug": false,
          },
          "getSnapshotBeforeUpdate": true,
          "setState": Object {
            "skipsComponentDidUpdateOnNullish": true,
          },
        },
      },
    },
  },
}
`;
