// Jest Snapshot v1, https://goo.gl/fbAQLP

exports[`NotFoundPage NotFoundPage render deveria ocorrer sem falhas! 1`] = `
ShallowWrapper {
  "length": 1,
  Symbol(enzyme.__root__): [Circular],
  Symbol(enzyme.__unrendered__): <Unknown />,
  Symbol(enzyme.__renderer__): Object {
    "batchedUpdates": [Function],
    "getNode": [Function],
    "render": [Function],
    "simulateEvent": [Function],
    "unmount": [Function],
  },
  Symbol(enzyme.__node__): Object {
    "instance": null,
    "key": undefined,
    "nodeType": "function",
    "props": Object {
      "children": Array [
        <h4>
          404 Página não encontrada
</h4>,
        <Link
          replace={false}
          to="/"
>
          Retornar
</Link>,
      ],
    },
    "ref": null,
    "rendered": Array [
      Object {
        "instance": null,
        "key": undefined,
        "nodeType": "host",
        "props": Object {
          "children": "404 Página não encontrada",
        },
        "ref": null,
        "rendered": "404 Página não encontrada",
        "type": "h4",
      },
      Object {
        "instance": null,
        "key": undefined,
        "nodeType": "class",
        "props": Object {
          "children": "Retornar",
          "replace": false,
          "to": "/",
        },
        "ref": null,
        "rendered": "Retornar",
        "type": [Function],
      },
    ],
    "type": [Function],
  },
  Symbol(enzyme.__nodes__): Array [
    Object {
      "instance": null,
      "key": undefined,
      "nodeType": "function",
      "props": Object {
        "children": Array [
          <h4>
            404 Página não encontrada
</h4>,
          <Link
            replace={false}
            to="/"
>
            Retornar
</Link>,
        ],
      },
      "ref": null,
      "rendered": Array [
        Object {
          "instance": null,
          "key": undefined,
          "nodeType": "host",
          "props": Object {
            "children": "404 Página não encontrada",
          },
          "ref": null,
          "rendered": "404 Página não encontrada",
          "type": "h4",
        },
        Object {
          "instance": null,
          "key": undefined,
          "nodeType": "class",
          "props": Object {
            "children": "Retornar",
            "replace": false,
            "to": "/",
          },
          "ref": null,
          "rendered": "Retornar",
          "type": [Function],
        },
      ],
      "type": [Function],
    },
  ],
  Symbol(enzyme.__options__): Object {
    "adapter": ReactSixteenAdapter {
      "options": Object {
        "enableComponentDidUpdateOnSetState": true,
      },
    },
  },
}
`;
