// Jest Snapshot v1, https://goo.gl/fbAQLP

exports[`ProgressDialog ProgressDialog render deveria ocorrer sem falhas! 1`] = `
ShallowWrapper {
  "length": 1,
  Symbol(enzyme.__root__): [Circular],
  Symbol(enzyme.__unrendered__): <ProgressDialog
    classes={Object {}}
    operationProgress={
        Object {
            "operationInProgress": true,
          }
    }
/>,
  Symbol(enzyme.__renderer__): Object {
    "batchedUpdates": [Function],
    "getNode": [Function],
    "render": [Function],
    "simulateEvent": [Function],
    "unmount": [Function],
  },
  Symbol(enzyme.__node__): Object {
    "instance": null,
    "key": undefined,
    "nodeType": "class",
    "props": Object {
      "BackdropProps": Object {
        "className": undefined,
      },
      "PaperProps": Object {
        "className": undefined,
      },
      "children": <WithStyles(DialogContent)>
        <WithStyles(CircularProgress) />
</WithStyles(DialogContent)>,
      "open": true,
    },
    "ref": null,
    "rendered": Object {
      "instance": null,
      "key": undefined,
      "nodeType": "class",
      "props": Object {
        "children": <WithStyles(CircularProgress) />,
      },
      "ref": null,
      "rendered": Object {
        "instance": null,
        "key": undefined,
        "nodeType": "class",
        "props": Object {},
        "ref": null,
        "rendered": null,
        "type": [Function],
      },
      "type": [Function],
    },
    "type": [Function],
  },
  Symbol(enzyme.__nodes__): Array [
    Object {
      "instance": null,
      "key": undefined,
      "nodeType": "class",
      "props": Object {
        "BackdropProps": Object {
          "className": undefined,
        },
        "PaperProps": Object {
          "className": undefined,
        },
        "children": <WithStyles(DialogContent)>
          <WithStyles(CircularProgress) />
</WithStyles(DialogContent)>,
        "open": true,
      },
      "ref": null,
      "rendered": Object {
        "instance": null,
        "key": undefined,
        "nodeType": "class",
        "props": Object {
          "children": <WithStyles(CircularProgress) />,
        },
        "ref": null,
        "rendered": Object {
          "instance": null,
          "key": undefined,
          "nodeType": "class",
          "props": Object {},
          "ref": null,
          "rendered": null,
          "type": [Function],
        },
        "type": [Function],
      },
      "type": [Function],
    },
  ],
  Symbol(enzyme.__options__): Object {
    "adapter": ReactSixteenAdapter {
      "options": Object {
        "enableComponentDidUpdateOnSetState": true,
      },
    },
  },
}
`;
