// Jest Snapshot v1, https://goo.gl/fbAQLP

exports[`UserMenu UserMenu render deveria ocorrer sem falhas! 1`] = `
ShallowWrapper {
  Symbol(enzyme.__root__): [Circular],
  Symbol(enzyme.__unrendered__): <UserMenu
    authentication={
        Object {
            "isUserAuthenticated": true,
            "username": "josejoao",
          }
    }
    classes={Object {}}
    handleUserMenuClose={[Function]}
    handleUserMenuOpen={[Function]}
    theme={Object {}}
    userMenuAnchorEl="id"
/>,
  Symbol(enzyme.__renderer__): Object {
    "batchedUpdates": [Function],
    "getNode": [Function],
    "render": [Function],
    "simulateError": [Function],
    "simulateEvent": [Function],
    "unmount": [Function],
  },
  Symbol(enzyme.__node__): Object {
    "instance": null,
    "key": undefined,
    "nodeType": "host",
    "props": Object {
      "children": Array [
        <WithStyles(IconButton)
          aria-haspopup="true"
          aria-owns="user-menu"
          color="inherit"
          onClick={[Function]}
>
          <WithStyles(Avatar)
                    className={undefined}
          >
                    J
          </WithStyles(Avatar)>
</WithStyles(IconButton)>,
        <WithStyles(Menu)
          anchorEl="id"
          className={undefined}
          id="user-menu"
          onClose={[Function]}
          open={true}
>
          <WithStyles(Card)
                    elevation={0}
          >
                    <WithStyles(CardContent)>
                              <WithStyles(Typography)
                                        color="textSecondary"
                                        variant="subtitle2"
                              >
                                        josejoao
                              </WithStyles(Typography)>
                    </WithStyles(CardContent)>
                    <WithStyles(CardActions)
                              className={undefined}
                    >
                              <WithStyles(Button)
                                        color="primary"
                                        fullWidth={true}
                                        onClick={[Function]}
                                        variant="contained"
                              >
                                        Sair
                              </WithStyles(Button)>
                    </WithStyles(CardActions)>
          </WithStyles(Card)>
</WithStyles(Menu)>,
      ],
      "className": undefined,
    },
    "ref": null,
    "rendered": Array [
      Object {
        "instance": null,
        "key": undefined,
        "nodeType": "class",
        "props": Object {
          "aria-haspopup": "true",
          "aria-owns": "user-menu",
          "children": <WithStyles(Avatar)
            className={undefined}
>
            J
</WithStyles(Avatar)>,
          "color": "inherit",
          "onClick": [Function],
        },
        "ref": null,
        "rendered": Object {
          "instance": null,
          "key": undefined,
          "nodeType": "class",
          "props": Object {
            "children": "J",
            "className": undefined,
          },
          "ref": null,
          "rendered": "J",
          "type": [Function],
        },
        "type": [Function],
      },
      Object {
        "instance": null,
        "key": undefined,
        "nodeType": "class",
        "props": Object {
          "anchorEl": "id",
          "children": <WithStyles(Card)
            elevation={0}
>
            <WithStyles(CardContent)>
                        <WithStyles(Typography)
                                    color="textSecondary"
                                    variant="subtitle2"
                        >
                                    josejoao
                        </WithStyles(Typography)>
            </WithStyles(CardContent)>
            <WithStyles(CardActions)
                        className={undefined}
            >
                        <WithStyles(Button)
                                    color="primary"
                                    fullWidth={true}
                                    onClick={[Function]}
                                    variant="contained"
                        >
                                    Sair
                        </WithStyles(Button)>
            </WithStyles(CardActions)>
</WithStyles(Card)>,
          "className": undefined,
          "id": "user-menu",
          "onClose": [Function],
          "open": true,
        },
        "ref": null,
        "rendered": Object {
          "instance": null,
          "key": undefined,
          "nodeType": "class",
          "props": Object {
            "children": Array [
              <WithStyles(CardContent)>
                <WithStyles(Typography)
                                color="textSecondary"
                                variant="subtitle2"
                >
                                josejoao
                </WithStyles(Typography)>
</WithStyles(CardContent)>,
              <WithStyles(CardActions)
                className={undefined}
>
                <WithStyles(Button)
                                color="primary"
                                fullWidth={true}
                                onClick={[Function]}
                                variant="contained"
                >
                                Sair
                </WithStyles(Button)>
</WithStyles(CardActions)>,
            ],
            "elevation": 0,
          },
          "ref": null,
          "rendered": Array [
            Object {
              "instance": null,
              "key": undefined,
              "nodeType": "class",
              "props": Object {
                "children": <WithStyles(Typography)
                  color="textSecondary"
                  variant="subtitle2"
>
                  josejoao
</WithStyles(Typography)>,
              },
              "ref": null,
              "rendered": Object {
                "instance": null,
                "key": undefined,
                "nodeType": "class",
                "props": Object {
                  "children": "josejoao",
                  "color": "textSecondary",
                  "variant": "subtitle2",
                },
                "ref": null,
                "rendered": "josejoao",
                "type": [Function],
              },
              "type": [Function],
            },
            Object {
              "instance": null,
              "key": undefined,
              "nodeType": "class",
              "props": Object {
                "children": <WithStyles(Button)
                  color="primary"
                  fullWidth={true}
                  onClick={[Function]}
                  variant="contained"
>
                  Sair
</WithStyles(Button)>,
                "className": undefined,
              },
              "ref": null,
              "rendered": Object {
                "instance": null,
                "key": undefined,
                "nodeType": "class",
                "props": Object {
                  "children": "Sair",
                  "color": "primary",
                  "fullWidth": true,
                  "onClick": [Function],
                  "variant": "contained",
                },
                "ref": null,
                "rendered": "Sair",
                "type": [Function],
              },
              "type": [Function],
            },
          ],
          "type": [Function],
        },
        "type": [Function],
      },
    ],
    "type": "div",
  },
  Symbol(enzyme.__nodes__): Array [
    Object {
      "instance": null,
      "key": undefined,
      "nodeType": "host",
      "props": Object {
        "children": Array [
          <WithStyles(IconButton)
            aria-haspopup="true"
            aria-owns="user-menu"
            color="inherit"
            onClick={[Function]}
>
            <WithStyles(Avatar)
                        className={undefined}
            >
                        J
            </WithStyles(Avatar)>
</WithStyles(IconButton)>,
          <WithStyles(Menu)
            anchorEl="id"
            className={undefined}
            id="user-menu"
            onClose={[Function]}
            open={true}
>
            <WithStyles(Card)
                        elevation={0}
            >
                        <WithStyles(CardContent)>
                                    <WithStyles(Typography)
                                                color="textSecondary"
                                                variant="subtitle2"
                                    >
                                                josejoao
                                    </WithStyles(Typography)>
                        </WithStyles(CardContent)>
                        <WithStyles(CardActions)
                                    className={undefined}
                        >
                                    <WithStyles(Button)
                                                color="primary"
                                                fullWidth={true}
                                                onClick={[Function]}
                                                variant="contained"
                                    >
                                                Sair
                                    </WithStyles(Button)>
                        </WithStyles(CardActions)>
            </WithStyles(Card)>
</WithStyles(Menu)>,
        ],
        "className": undefined,
      },
      "ref": null,
      "rendered": Array [
        Object {
          "instance": null,
          "key": undefined,
          "nodeType": "class",
          "props": Object {
            "aria-haspopup": "true",
            "aria-owns": "user-menu",
            "children": <WithStyles(Avatar)
              className={undefined}
>
              J
</WithStyles(Avatar)>,
            "color": "inherit",
            "onClick": [Function],
          },
          "ref": null,
          "rendered": Object {
            "instance": null,
            "key": undefined,
            "nodeType": "class",
            "props": Object {
              "children": "J",
              "className": undefined,
            },
            "ref": null,
            "rendered": "J",
            "type": [Function],
          },
          "type": [Function],
        },
        Object {
          "instance": null,
          "key": undefined,
          "nodeType": "class",
          "props": Object {
            "anchorEl": "id",
            "children": <WithStyles(Card)
              elevation={0}
>
              <WithStyles(CardContent)>
                            <WithStyles(Typography)
                                          color="textSecondary"
                                          variant="subtitle2"
                            >
                                          josejoao
                            </WithStyles(Typography)>
              </WithStyles(CardContent)>
              <WithStyles(CardActions)
                            className={undefined}
              >
                            <WithStyles(Button)
                                          color="primary"
                                          fullWidth={true}
                                          onClick={[Function]}
                                          variant="contained"
                            >
                                          Sair
                            </WithStyles(Button)>
              </WithStyles(CardActions)>
</WithStyles(Card)>,
            "className": undefined,
            "id": "user-menu",
            "onClose": [Function],
            "open": true,
          },
          "ref": null,
          "rendered": Object {
            "instance": null,
            "key": undefined,
            "nodeType": "class",
            "props": Object {
              "children": Array [
                <WithStyles(CardContent)>
                  <WithStyles(Typography)
                                    color="textSecondary"
                                    variant="subtitle2"
                  >
                                    josejoao
                  </WithStyles(Typography)>
</WithStyles(CardContent)>,
                <WithStyles(CardActions)
                  className={undefined}
>
                  <WithStyles(Button)
                                    color="primary"
                                    fullWidth={true}
                                    onClick={[Function]}
                                    variant="contained"
                  >
                                    Sair
                  </WithStyles(Button)>
</WithStyles(CardActions)>,
              ],
              "elevation": 0,
            },
            "ref": null,
            "rendered": Array [
              Object {
                "instance": null,
                "key": undefined,
                "nodeType": "class",
                "props": Object {
                  "children": <WithStyles(Typography)
                    color="textSecondary"
                    variant="subtitle2"
>
                    josejoao
</WithStyles(Typography)>,
                },
                "ref": null,
                "rendered": Object {
                  "instance": null,
                  "key": undefined,
                  "nodeType": "class",
                  "props": Object {
                    "children": "josejoao",
                    "color": "textSecondary",
                    "variant": "subtitle2",
                  },
                  "ref": null,
                  "rendered": "josejoao",
                  "type": [Function],
                },
                "type": [Function],
              },
              Object {
                "instance": null,
                "key": undefined,
                "nodeType": "class",
                "props": Object {
                  "children": <WithStyles(Button)
                    color="primary"
                    fullWidth={true}
                    onClick={[Function]}
                    variant="contained"
>
                    Sair
</WithStyles(Button)>,
                  "className": undefined,
                },
                "ref": null,
                "rendered": Object {
                  "instance": null,
                  "key": undefined,
                  "nodeType": "class",
                  "props": Object {
                    "children": "Sair",
                    "color": "primary",
                    "fullWidth": true,
                    "onClick": [Function],
                    "variant": "contained",
                  },
                  "ref": null,
                  "rendered": "Sair",
                  "type": [Function],
                },
                "type": [Function],
              },
            ],
            "type": [Function],
          },
          "type": [Function],
        },
      ],
      "type": "div",
    },
  ],
  Symbol(enzyme.__options__): Object {
    "adapter": ReactSixteenAdapter {
      "options": Object {
        "enableComponentDidUpdateOnSetState": true,
        "lifecycles": Object {
          "componentDidUpdate": Object {
            "onSetState": true,
          },
          "getDerivedStateFromProps": true,
          "getSnapshotBeforeUpdate": true,
          "setState": Object {
            "skipsComponentDidUpdateOnNullish": true,
          },
        },
      },
    },
  },
}
`;
